Archive member included because of file (symbol)

d:/program files/winavr/bin/../lib/gcc/avr/4.3.3/avr5\libgcc.a(_mulsi3.o)
                              ./LIB/math/operations/operations.o (__mulsi3)
d:/program files/winavr/bin/../lib/gcc/avr/4.3.3/avr5\libgcc.a(_udivmodqi4.o)
                              ./app/auth/auth.o (__udivmodqi4)
d:/program files/winavr/bin/../lib/gcc/avr/4.3.3/avr5\libgcc.a(_udivmodsi4.o)
                              ./LIB/math/operations/operations.o (__udivmodsi4)
d:/program files/winavr/bin/../lib/gcc/avr/4.3.3/avr5\libgcc.a(_divmodsi4.o)
                              ./LIB/math/operations/operations.o (__divmodsi4)
d:/program files/winavr/bin/../lib/gcc/avr/4.3.3/avr5\libgcc.a(_exit.o)
                              d:/program files/winavr/bin/../lib/gcc/avr/4.3.3/../../../../avr/lib/avr5/crtm32.o (exit)
d:/program files/winavr/bin/../lib/gcc/avr/4.3.3/avr5\libgcc.a(_copy_data.o)
                              ./app/component/tvandac/tvpage.o (__do_copy_data)
d:/program files/winavr/bin/../lib/gcc/avr/4.3.3/avr5\libgcc.a(_clear_bss.o)
                              ./app/tv/tv.o (__do_clear_bss)
d:/program files/winavr/bin/../lib/gcc/avr/4.3.3/avr5\libgcc.a(_fixunssfsi.o)
                              ./app/component/authpage/auth.o (__fixunssfsi)
d:/program files/winavr/bin/../lib/gcc/avr/4.3.3/avr5\libgcc.a(_addsub_sf.o)
                              ./HAL/lcd/lcd.o (__subsf3)
d:/program files/winavr/bin/../lib/gcc/avr/4.3.3/avr5\libgcc.a(_mul_sf.o)
                              ./app/component/authpage/auth.o (__mulsf3)
d:/program files/winavr/bin/../lib/gcc/avr/4.3.3/avr5\libgcc.a(_div_sf.o)
                              ./MCAL/adc/adc.o (__divsf3)
d:/program files/winavr/bin/../lib/gcc/avr/4.3.3/avr5\libgcc.a(_gt_sf.o)
                              ./app/component/authpage/auth.o (__gtsf2)
d:/program files/winavr/bin/../lib/gcc/avr/4.3.3/avr5\libgcc.a(_ge_sf.o)
                              d:/program files/winavr/bin/../lib/gcc/avr/4.3.3/avr5\libgcc.a(_fixunssfsi.o) (__gesf2)
d:/program files/winavr/bin/../lib/gcc/avr/4.3.3/avr5\libgcc.a(_lt_sf.o)
                              ./app/component/authpage/auth.o (__ltsf2)
d:/program files/winavr/bin/../lib/gcc/avr/4.3.3/avr5\libgcc.a(_si_to_sf.o)
                              ./HAL/lcd/lcd.o (__floatsisf)
d:/program files/winavr/bin/../lib/gcc/avr/4.3.3/avr5\libgcc.a(_sf_to_si.o)
                              ./HAL/lcd/lcd.o (__fixsfsi)
d:/program files/winavr/bin/../lib/gcc/avr/4.3.3/avr5\libgcc.a(_thenan_sf.o)
                              d:/program files/winavr/bin/../lib/gcc/avr/4.3.3/avr5\libgcc.a(_addsub_sf.o) (__thenan_sf)
d:/program files/winavr/bin/../lib/gcc/avr/4.3.3/avr5\libgcc.a(_usi_to_sf.o)
                              ./MCAL/adc/adc.o (__floatunsisf)
d:/program files/winavr/bin/../lib/gcc/avr/4.3.3/avr5\libgcc.a(_prologue.o)
                              d:/program files/winavr/bin/../lib/gcc/avr/4.3.3/avr5\libgcc.a(_addsub_sf.o) (__prologue_saves__)
d:/program files/winavr/bin/../lib/gcc/avr/4.3.3/avr5\libgcc.a(_epilogue.o)
                              d:/program files/winavr/bin/../lib/gcc/avr/4.3.3/avr5\libgcc.a(_addsub_sf.o) (__epilogue_restores__)
d:/program files/winavr/bin/../lib/gcc/avr/4.3.3/avr5\libgcc.a(_clzsi2.o)
                              d:/program files/winavr/bin/../lib/gcc/avr/4.3.3/avr5\libgcc.a(_si_to_sf.o) (__clzsi2)
d:/program files/winavr/bin/../lib/gcc/avr/4.3.3/avr5\libgcc.a(_pack_sf.o)
                              d:/program files/winavr/bin/../lib/gcc/avr/4.3.3/avr5\libgcc.a(_addsub_sf.o) (__pack_f)
d:/program files/winavr/bin/../lib/gcc/avr/4.3.3/avr5\libgcc.a(_unpack_sf.o)
                              d:/program files/winavr/bin/../lib/gcc/avr/4.3.3/avr5\libgcc.a(_addsub_sf.o) (__unpack_f)
d:/program files/winavr/bin/../lib/gcc/avr/4.3.3/avr5\libgcc.a(_fpcmp_parts_sf.o)
                              d:/program files/winavr/bin/../lib/gcc/avr/4.3.3/avr5\libgcc.a(_gt_sf.o) (__fpcmp_parts_f)
d:/program files/winavr/bin/../lib/gcc/avr/4.3.3/avr5\libgcc.a(_clz.o)
                              d:/program files/winavr/bin/../lib/gcc/avr/4.3.3/avr5\libgcc.a(_clzsi2.o) (__clz_tab)

Allocating common symbols
Common symbol       size              file

room2               0x1               ./app/room/room.o
mode                0x1               ./app/tv/tv.o
room4               0x1               ./app/room/room.o
room1               0x1               ./app/room/room.o
room3               0x1               ./app/room/room.o

Memory Configuration

Name             Origin             Length             Attributes
text             0x00000000         0x00020000         xr
data             0x00800060         0x0000ffa0         rw !x
eeprom           0x00810000         0x00010000         rw !x
fuse             0x00820000         0x00000400         rw !x
lock             0x00830000         0x00000400         rw !x
signature        0x00840000         0x00000400         rw !x
*default*        0x00000000         0xffffffff

Linker script and memory map

LOAD d:/program files/winavr/bin/../lib/gcc/avr/4.3.3/../../../../avr/lib/avr5/crtm32.o
LOAD ./app/tv/tv.o
LOAD ./app/room/room.o
LOAD ./app/door/door.o
LOAD ./app/component/tvandac/tvpage.o
LOAD ./app/component/roompage/roompage.o
LOAD ./app/component/doorpage/doorpage.o
LOAD ./app/component/authpage/auth.o
LOAD ./app/auth/auth.o
LOAD ./app/main.o
LOAD ./MCAL/eeprom/eeprom.o
LOAD ./MCAL/dio/dio.o
LOAD ./MCAL/adc/adc.o
LOAD ./LIB/util/util.o
LOAD ./LIB/math/operations/operations.o
LOAD ./HAL/steppermotor/steppermotor.o
LOAD ./HAL/lcd/lcd.o
LOAD ./HAL/keypad/keypad.o
LOAD d:/program files/winavr/bin/../lib/gcc/avr/4.3.3/avr5\libgcc.a
LOAD d:/program files/winavr/bin/../lib/gcc/avr/4.3.3/../../../../avr/lib/avr5\libc.a
LOAD d:/program files/winavr/bin/../lib/gcc/avr/4.3.3/avr5\libgcc.a

.hash
 *(.hash)

.dynsym
 *(.dynsym)

.dynstr
 *(.dynstr)

.gnu.version
 *(.gnu.version)

.gnu.version_d
 *(.gnu.version_d)

.gnu.version_r
 *(.gnu.version_r)

.rel.init
 *(.rel.init)

.rela.init
 *(.rela.init)

.rel.text
 *(.rel.text)
 *(.rel.text.*)
 *(.rel.gnu.linkonce.t*)

.rela.text
 *(.rela.text)
 *(.rela.text.*)
 *(.rela.gnu.linkonce.t*)

.rel.fini
 *(.rel.fini)

.rela.fini
 *(.rela.fini)

.rel.rodata
 *(.rel.rodata)
 *(.rel.rodata.*)
 *(.rel.gnu.linkonce.r*)

.rela.rodata
 *(.rela.rodata)
 *(.rela.rodata.*)
 *(.rela.gnu.linkonce.r*)

.rel.data
 *(.rel.data)
 *(.rel.data.*)
 *(.rel.gnu.linkonce.d*)

.rela.data
 *(.rela.data)
 *(.rela.data.*)
 *(.rela.gnu.linkonce.d*)

.rel.ctors
 *(.rel.ctors)

.rela.ctors
 *(.rela.ctors)

.rel.dtors
 *(.rel.dtors)

.rela.dtors
 *(.rela.dtors)

.rel.got
 *(.rel.got)

.rela.got
 *(.rela.got)

.rel.bss
 *(.rel.bss)

.rela.bss
 *(.rela.bss)

.rel.plt
 *(.rel.plt)

.rela.plt
 *(.rela.plt)

.text           0x00000000     0x4a46
 *(.vectors)
 .vectors       0x00000000       0x54 d:/program files/winavr/bin/../lib/gcc/avr/4.3.3/../../../../avr/lib/avr5/crtm32.o
                0x00000000                __vectors
                0x00000000                __vector_default
 *(.vectors)
 *(.progmem.gcc*)
 *(.progmem*)
                0x00000054                . = ALIGN (0x2)
                0x00000054                __trampolines_start = .
 *(.trampolines)
 .trampolines   0x00000054        0x0 linker stubs
 *(.trampolines*)
                0x00000054                __trampolines_end = .
 *(.jumptables)
 *(.jumptables*)
 *(.lowtext)
 *(.lowtext*)
                0x00000054                __ctors_start = .
 *(.ctors)
                0x00000054                __ctors_end = .
                0x00000054                __dtors_start = .
 *(.dtors)
                0x00000054                __dtors_end = .
 SORT(*)(.ctors)
 SORT(*)(.dtors)
 *(.init0)
 .init0         0x00000054        0x0 d:/program files/winavr/bin/../lib/gcc/avr/4.3.3/../../../../avr/lib/avr5/crtm32.o
                0x00000054                __init
 *(.init0)
 *(.init1)
 *(.init1)
 *(.init2)
 .init2         0x00000054        0xc d:/program files/winavr/bin/../lib/gcc/avr/4.3.3/../../../../avr/lib/avr5/crtm32.o
 *(.init2)
 *(.init3)
 *(.init3)
 *(.init4)
 .init4         0x00000060       0x16 d:/program files/winavr/bin/../lib/gcc/avr/4.3.3/avr5\libgcc.a(_copy_data.o)
                0x00000060                __do_copy_data
 .init4         0x00000076       0x10 d:/program files/winavr/bin/../lib/gcc/avr/4.3.3/avr5\libgcc.a(_clear_bss.o)
                0x00000076                __do_clear_bss
 *(.init4)
 *(.init5)
 *(.init5)
 *(.init6)
 *(.init6)
 *(.init7)
 *(.init7)
 *(.init8)
 *(.init8)
 *(.init9)
 .init9         0x00000086        0x8 d:/program files/winavr/bin/../lib/gcc/avr/4.3.3/../../../../avr/lib/avr5/crtm32.o
 *(.init9)
 *(.text)
 .text          0x0000008e        0x4 d:/program files/winavr/bin/../lib/gcc/avr/4.3.3/../../../../avr/lib/avr5/crtm32.o
                0x0000008e                __vector_1
                0x0000008e                __vector_12
                0x0000008e                __bad_interrupt
                0x0000008e                __vector_6
                0x0000008e                __vector_3
                0x0000008e                __vector_11
                0x0000008e                __vector_13
                0x0000008e                __vector_17
                0x0000008e                __vector_19
                0x0000008e                __vector_7
                0x0000008e                __vector_5
                0x0000008e                __vector_4
                0x0000008e                __vector_9
                0x0000008e                __vector_2
                0x0000008e                __vector_15
                0x0000008e                __vector_8
                0x0000008e                __vector_14
                0x0000008e                __vector_10
                0x0000008e                __vector_16
                0x0000008e                __vector_18
                0x0000008e                __vector_20
 .text          0x00000092        0x0 ./app/tv/tv.o
 .text          0x00000092        0x0 ./app/room/room.o
 .text          0x00000092        0x0 ./app/door/door.o
 .text          0x00000092        0x0 ./app/component/tvandac/tvpage.o
 .text          0x00000092        0x0 ./app/component/roompage/roompage.o
 .text          0x00000092        0x0 ./app/component/doorpage/doorpage.o
 .text          0x00000092        0x0 ./app/component/authpage/auth.o
 .text          0x00000092        0x0 ./app/auth/auth.o
 .text          0x00000092        0x0 ./app/main.o
 .text          0x00000092        0x0 ./MCAL/eeprom/eeprom.o
 .text          0x00000092        0x0 ./MCAL/dio/dio.o
 .text          0x00000092        0x0 ./MCAL/adc/adc.o
 .text          0x00000092        0x0 ./LIB/util/util.o
 .text          0x00000092        0x0 ./LIB/math/operations/operations.o
 .text          0x00000092        0x0 ./HAL/steppermotor/steppermotor.o
 .text          0x00000092        0x0 ./HAL/lcd/lcd.o
 .text          0x00000092        0x0 ./HAL/keypad/keypad.o
 .text          0x00000092        0x0 d:/program files/winavr/bin/../lib/gcc/avr/4.3.3/avr5\libgcc.a(_mulsi3.o)
 .text          0x00000092        0x0 d:/program files/winavr/bin/../lib/gcc/avr/4.3.3/avr5\libgcc.a(_udivmodqi4.o)
 .text          0x00000092        0x0 d:/program files/winavr/bin/../lib/gcc/avr/4.3.3/avr5\libgcc.a(_udivmodsi4.o)
 .text          0x00000092        0x0 d:/program files/winavr/bin/../lib/gcc/avr/4.3.3/avr5\libgcc.a(_divmodsi4.o)
 .text          0x00000092        0x0 d:/program files/winavr/bin/../lib/gcc/avr/4.3.3/avr5\libgcc.a(_exit.o)
 .text          0x00000092        0x0 d:/program files/winavr/bin/../lib/gcc/avr/4.3.3/avr5\libgcc.a(_copy_data.o)
 .text          0x00000092        0x0 d:/program files/winavr/bin/../lib/gcc/avr/4.3.3/avr5\libgcc.a(_clear_bss.o)
 .text          0x00000092       0x58 d:/program files/winavr/bin/../lib/gcc/avr/4.3.3/avr5\libgcc.a(_fixunssfsi.o)
                0x00000092                __fixunssfsi
 .text          0x000000ea      0x354 d:/program files/winavr/bin/../lib/gcc/avr/4.3.3/avr5\libgcc.a(_addsub_sf.o)
                0x00000382                __subsf3
                0x000003e4                __addsf3
 .text          0x0000043e      0x1f4 d:/program files/winavr/bin/../lib/gcc/avr/4.3.3/avr5\libgcc.a(_mul_sf.o)
                0x0000043e                __mulsf3
 .text          0x00000632      0x158 d:/program files/winavr/bin/../lib/gcc/avr/4.3.3/avr5\libgcc.a(_div_sf.o)
                0x00000632                __divsf3
 .text          0x0000078a       0x60 d:/program files/winavr/bin/../lib/gcc/avr/4.3.3/avr5\libgcc.a(_gt_sf.o)
                0x0000078a                __gtsf2
 .text          0x000007ea       0x60 d:/program files/winavr/bin/../lib/gcc/avr/4.3.3/avr5\libgcc.a(_ge_sf.o)
                0x000007ea                __gesf2
 .text          0x0000084a       0x60 d:/program files/winavr/bin/../lib/gcc/avr/4.3.3/avr5\libgcc.a(_lt_sf.o)
                0x0000084a                __ltsf2
 .text          0x000008aa       0xbc d:/program files/winavr/bin/../lib/gcc/avr/4.3.3/avr5\libgcc.a(_si_to_sf.o)
                0x000008aa                __floatsisf
 .text          0x00000966       0xa8 d:/program files/winavr/bin/../lib/gcc/avr/4.3.3/avr5\libgcc.a(_sf_to_si.o)
                0x00000966                __fixsfsi
 .text          0x00000a0e        0x0 d:/program files/winavr/bin/../lib/gcc/avr/4.3.3/avr5\libgcc.a(_thenan_sf.o)
 .text          0x00000a0e       0xf2 d:/program files/winavr/bin/../lib/gcc/avr/4.3.3/avr5\libgcc.a(_usi_to_sf.o)
                0x00000a0e                __floatunsisf
 .text          0x00000b00        0x0 d:/program files/winavr/bin/../lib/gcc/avr/4.3.3/avr5\libgcc.a(_prologue.o)
 .text          0x00000b00        0x0 d:/program files/winavr/bin/../lib/gcc/avr/4.3.3/avr5\libgcc.a(_epilogue.o)
 .text          0x00000b00       0x9e d:/program files/winavr/bin/../lib/gcc/avr/4.3.3/avr5\libgcc.a(_clzsi2.o)
                0x00000b00                __clzsi2
 .text          0x00000b9e      0x1aa d:/program files/winavr/bin/../lib/gcc/avr/4.3.3/avr5\libgcc.a(_pack_sf.o)
                0x00000b9e                __pack_f
 .text          0x00000d48       0xf0 d:/program files/winavr/bin/../lib/gcc/avr/4.3.3/avr5\libgcc.a(_unpack_sf.o)
                0x00000d48                __unpack_f
 .text          0x00000e38       0xb2 d:/program files/winavr/bin/../lib/gcc/avr/4.3.3/avr5\libgcc.a(_fpcmp_parts_sf.o)
                0x00000e38                __fpcmp_parts_f
 .text          0x00000eea        0x0 d:/program files/winavr/bin/../lib/gcc/avr/4.3.3/avr5\libgcc.a(_clz.o)
                0x00000eea                . = ALIGN (0x2)
 *(.text.*)
 .text.TVandACinit
                0x00000eea       0x2a ./app/tv/tv.o
                0x00000eea                TVandACinit
 .text.switchOffTVAndAC
                0x00000f14       0x22 ./app/tv/tv.o
                0x00000f14                switchOffTVAndAC
 .text.turnOnTV
                0x00000f36       0x18 ./app/tv/tv.o
                0x00000f36                turnOnTV
 .text.turnOffTV
                0x00000f4e       0x18 ./app/tv/tv.o
                0x00000f4e                turnOffTV
 .text.turnOnAC
                0x00000f66       0x1c ./app/tv/tv.o
                0x00000f66                turnOnAC
 .text.turnOffAC
                0x00000f82       0x1e ./app/tv/tv.o
                0x00000f82                turnOffAC
 .text.autoAC   0x00000fa0       0x3c ./app/tv/tv.o
                0x00000fa0                autoAC
 .text.ACautoListen
                0x00000fdc       0x1a ./app/tv/tv.o
                0x00000fdc                ACautoListen
 .text.switchOffRooms
                0x00000ff6       0x36 ./app/room/room.o
                0x00000ff6                switchOffRooms
 .text.ROOM_vidInit
                0x0000102c       0x3e ./app/room/room.o
                0x0000102c                ROOM_vidInit
 .text.ROOM_switchOn
                0x0000106a       0x26 ./app/room/room.o
                0x0000106a                ROOM_switchOn
 .text.ROOM_switchOff
                0x00001090       0x26 ./app/room/room.o
                0x00001090                ROOM_switchOff
 .text.ROOM_AutoLight
                0x000010b6       0xb8 ./app/room/room.o
                0x000010b6                ROOM_AutoLight
 .text.setRoomMode
                0x0000116e       0x7c ./app/room/room.o
                0x0000116e                setRoomMode
 .text.autoListener
                0x000011ea       0x46 ./app/room/room.o
                0x000011ea                autoListener
 .text.enableDoor
                0x00001230       0x12 ./app/door/door.o
                0x00001230                enableDoor
 .text.openDoor
                0x00001242       0x12 ./app/door/door.o
                0x00001242                openDoor
 .text.closeDoor
                0x00001254       0x12 ./app/door/door.o
                0x00001254                closeDoor
 .text.displayTVPage
                0x00001266       0xbe ./app/component/tvandac/tvpage.o
                0x00001266                displayTVPage
 .text.displayACSetting
                0x00001324       0xca ./app/component/tvandac/tvpage.o
                0x00001324                displayACSetting
 .text.displayTVSetting
                0x000013ee       0xa8 ./app/component/tvandac/tvpage.o
                0x000013ee                displayTVSetting
 .text.displayRoomPageOne
                0x00001496       0xc0 ./app/component/roompage/roompage.o
                0x00001496                displayRoomPageOne
 .text.displayRoomPageTwo
                0x00001556       0xda ./app/component/roompage/roompage.o
                0x00001556                displayRoomPageTwo
 .text.displayRoomSetting
                0x00001630      0x10a ./app/component/roompage/roompage.o
                0x00001630                displayRoomSetting
 .text.displayDoorSetting
                0x0000173a       0xb4 ./app/component/doorpage/doorpage.o
                0x0000173a                displayDoorSetting
 .text.displaySignUp
                0x000017ee       0x72 ./app/component/authpage/auth.o
                0x000017ee                displaySignUp
 .text.displayLogin
                0x00001860      0x14e ./app/component/authpage/auth.o
                0x00001860                displayLogin
 .text.detectLoginData
                0x000019ae       0xd8 ./app/auth/auth.o
                0x000019ae                detectLoginData
 .text.loginExecute
                0x00001a86      0x348 ./app/auth/auth.o
                0x00001a86                loginExecute
 .text.signUpOrAddUser
                0x00001dce       0xae ./app/auth/auth.o
                0x00001dce                signUpOrAddUser
 .text.signUpExecute
                0x00001e7c      0x12e ./app/auth/auth.o
                0x00001e7c                signUpExecute
 .text.getData  0x00001faa      0x218 ./app/auth/auth.o
                0x00001faa                getData
 .text.displayMessage
                0x000021c2       0x3e ./app/auth/auth.o
                0x000021c2                displayMessage
 .text.logOut   0x00002200       0x1c ./app/auth/auth.o
                0x00002200                logOut
 .text.disableAll
                0x0000221c       0x1a ./app/main.o
                0x0000221c                disableAll
 .text.main     0x00002236      0x42a ./app/main.o
                0x00002236                main
 .text.MC_EEPROM_vidWrite
                0x00002660       0x62 ./MCAL/eeprom/eeprom.o
                0x00002660                MC_EEPROM_vidWrite
 .text.MC_EEPROM_vidWriteString
                0x000026c2       0x70 ./MCAL/eeprom/eeprom.o
                0x000026c2                MC_EEPROM_vidWriteString
 .text.MC_EEPROM_vidRead
                0x00002732       0x9e ./MCAL/eeprom/eeprom.o
                0x00002732                MC_EEPROM_vidRead
 .text.MC_EEPROM_u8Read
                0x000027d0       0x60 ./MCAL/eeprom/eeprom.o
                0x000027d0                MC_EEPROM_u8Read
 .text.MC_EEPROM_RESET
                0x00002830       0x3a ./MCAL/eeprom/eeprom.o
                0x00002830                MC_EEPROM_RESET
 .text.DIO_VIDSetPinDirection
                0x0000286a      0x216 ./MCAL/dio/dio.o
                0x0000286a                DIO_VIDSetPinDirection
 .text.DIO_VIDSetPinValue
                0x00002a80      0x216 ./MCAL/dio/dio.o
                0x00002a80                DIO_VIDSetPinValue
 .text.DIO_VIDgetPinDirection
                0x00002c96      0x108 ./MCAL/dio/dio.o
                0x00002c96                DIO_VIDgetPinDirection
 .text.DIO_VIDSetPortDirection
                0x00002d9e       0x84 ./MCAL/dio/dio.o
                0x00002d9e                DIO_VIDSetPortDirection
 .text.DIO_VIDSetPortValue
                0x00002e22       0x84 ./MCAL/dio/dio.o
                0x00002e22                DIO_VIDSetPortValue
 .text.DIO_VIDgetPortValue
                0x00002ea6       0x9a ./MCAL/dio/dio.o
                0x00002ea6                DIO_VIDgetPortValue
 .text.MADC_vidInit
                0x00002f40      0x258 ./MCAL/adc/adc.o
                0x00002f40                MADC_vidInit
 .text.MADC_u16Read
                0x00003198       0xd8 ./MCAL/adc/adc.o
                0x00003198                MADC_u16Read
 .text.MADC_f32getVolt
                0x00003270       0x74 ./MCAL/adc/adc.o
                0x00003270                MADC_f32getVolt
 .text.MADC_u8getTemprature
                0x000032e4       0x3e ./MCAL/adc/adc.o
                0x000032e4                MADC_u8getTemprature
 .text.util_u8StringCompare
                0x00003322       0xbc ./LIB/util/util.o
                0x00003322                util_u8StringCompare
 .text.reverseNumber
                0x000033de      0x1fa ./LIB/math/operations/operations.o
                0x000033de                reverseNumber
 .text.MOTOR_Init
                0x000035d8       0x2c ./HAL/steppermotor/steppermotor.o
                0x000035d8                MOTOR_Init
 .text.MOTOR_Stop
                0x00003604       0x2c ./HAL/steppermotor/steppermotor.o
                0x00003604                MOTOR_Stop
 .text.MOTOR_CW
                0x00003630       0x2c ./HAL/steppermotor/steppermotor.o
                0x00003630                MOTOR_CW
 .text.MOTOR_CCW
                0x0000365c       0x2c ./HAL/steppermotor/steppermotor.o
                0x0000365c                MOTOR_CCW
 .text.HCLCD_vidInit
                0x00003688      0x50a ./HAL/lcd/lcd.o
                0x00003688                HCLCD_vidInit
 .text.HCLCD_vidSendCommand
                0x00003b92      0x220 ./HAL/lcd/lcd.o
                0x00003b92                HCLCD_vidSendCommand
 .text.HCLCD_vidSendData
                0x00003db2      0x216 ./HAL/lcd/lcd.o
                0x00003db2                HCLCD_vidSendData
 .text.HCLCD_vidSendString
                0x00003fc8       0x60 ./HAL/lcd/lcd.o
                0x00003fc8                HCLCD_vidSendString
 .text.HCLCD_vidSendNumber
                0x00004028      0x16e ./HAL/lcd/lcd.o
                0x00004028                HCLCD_vidSendNumber
 .text.HCLCD_vidSendFloat
                0x00004196      0x11e ./HAL/lcd/lcd.o
                0x00004196                HCLCD_vidSendFloat
 .text.HCLCD_vidGoTo
                0x000042b4       0x30 ./HAL/lcd/lcd.o
                0x000042b4                HCLCD_vidGoTo
 .text.HCLCD_vidClear
                0x000042e4      0x110 ./HAL/lcd/lcd.o
                0x000042e4                HCLCD_vidClear
 .text.HCLCD_vidSendSpecialChar
                0x000043f4       0x6a ./HAL/lcd/lcd.o
                0x000043f4                HCLCD_vidSendSpecialChar
 .text.HKEYPAD_vidinit
                0x0000445e       0x1e ./HAL/keypad/keypad.o
                0x0000445e                HKEYPAD_vidinit
 .text.HKEYPAD_u8getPressedValue
                0x0000447c      0x1d4 ./HAL/keypad/keypad.o
                0x0000447c                HKEYPAD_u8getPressedValue
 .text.HKEYPAD_u8getCharecterValue
                0x00004650      0x2b4 ./HAL/keypad/keypad.o
                0x00004650                HKEYPAD_u8getCharecterValue
 .text.libgcc   0x00004904       0x3e d:/program files/winavr/bin/../lib/gcc/avr/4.3.3/avr5\libgcc.a(_mulsi3.o)
                0x00004904                __mulsi3
 .text.libgcc   0x00004942       0x18 d:/program files/winavr/bin/../lib/gcc/avr/4.3.3/avr5\libgcc.a(_udivmodqi4.o)
                0x00004942                __udivmodqi4
 .text.libgcc   0x0000495a       0x44 d:/program files/winavr/bin/../lib/gcc/avr/4.3.3/avr5\libgcc.a(_udivmodsi4.o)
                0x0000495a                __udivmodsi4
 .text.libgcc   0x0000499e       0x36 d:/program files/winavr/bin/../lib/gcc/avr/4.3.3/avr5\libgcc.a(_divmodsi4.o)
                0x0000499e                __divmodsi4
 .text.libgcc   0x000049d4        0x0 d:/program files/winavr/bin/../lib/gcc/avr/4.3.3/avr5\libgcc.a(_exit.o)
 .text.libgcc   0x000049d4        0x0 d:/program files/winavr/bin/../lib/gcc/avr/4.3.3/avr5\libgcc.a(_copy_data.o)
 .text.libgcc   0x000049d4        0x0 d:/program files/winavr/bin/../lib/gcc/avr/4.3.3/avr5\libgcc.a(_clear_bss.o)
 .text.libgcc   0x000049d4       0x38 d:/program files/winavr/bin/../lib/gcc/avr/4.3.3/avr5\libgcc.a(_prologue.o)
                0x000049d4                __prologue_saves__
 .text.libgcc   0x00004a0c       0x36 d:/program files/winavr/bin/../lib/gcc/avr/4.3.3/avr5\libgcc.a(_epilogue.o)
                0x00004a0c                __epilogue_restores__
                0x00004a42                . = ALIGN (0x2)
 *(.fini9)
 .fini9         0x00004a42        0x0 d:/program files/winavr/bin/../lib/gcc/avr/4.3.3/avr5\libgcc.a(_exit.o)
                0x00004a42                exit
                0x00004a42                _exit
 *(.fini9)
 *(.fini8)
 *(.fini8)
 *(.fini7)
 *(.fini7)
 *(.fini6)
 *(.fini6)
 *(.fini5)
 *(.fini5)
 *(.fini4)
 *(.fini4)
 *(.fini3)
 *(.fini3)
 *(.fini2)
 *(.fini2)
 *(.fini1)
 *(.fini1)
 *(.fini0)
 .fini0         0x00004a42        0x4 d:/program files/winavr/bin/../lib/gcc/avr/4.3.3/avr5\libgcc.a(_exit.o)
 *(.fini0)
                0x00004a46                _etext = .

.data           0x00800060      0x2ea load address 0x00004a46
                0x00800060                PROVIDE (__data_start, .)
 *(.data)
 .data          0x00800060        0x0 d:/program files/winavr/bin/../lib/gcc/avr/4.3.3/../../../../avr/lib/avr5/crtm32.o
 .data          0x00800060        0x0 ./app/tv/tv.o
 .data          0x00800060        0x0 ./app/room/room.o
 .data          0x00800060        0x0 ./app/door/door.o
 .data          0x00800060       0x4b ./app/component/tvandac/tvpage.o
 .data          0x008000ab       0x55 ./app/component/roompage/roompage.o
 .data          0x00800100       0x18 ./app/component/doorpage/doorpage.o
 .data          0x00800118       0x32 ./app/component/authpage/auth.o
 .data          0x0080014a       0xbd ./app/auth/auth.o
 .data          0x00800207       0x22 ./app/main.o
 .data          0x00800229        0x0 ./MCAL/eeprom/eeprom.o
 .data          0x00800229        0x0 ./MCAL/dio/dio.o
 .data          0x00800229        0x0 ./MCAL/adc/adc.o
 .data          0x00800229        0x0 ./LIB/util/util.o
 .data          0x00800229        0x0 ./LIB/math/operations/operations.o
 .data          0x00800229        0x0 ./HAL/steppermotor/steppermotor.o
 .data          0x00800229        0x0 ./HAL/lcd/lcd.o
 .data          0x00800229        0x0 ./HAL/keypad/keypad.o
 .data          0x00800229        0x0 d:/program files/winavr/bin/../lib/gcc/avr/4.3.3/avr5\libgcc.a(_mulsi3.o)
 .data          0x00800229        0x0 d:/program files/winavr/bin/../lib/gcc/avr/4.3.3/avr5\libgcc.a(_udivmodqi4.o)
 .data          0x00800229        0x0 d:/program files/winavr/bin/../lib/gcc/avr/4.3.3/avr5\libgcc.a(_udivmodsi4.o)
 .data          0x00800229        0x0 d:/program files/winavr/bin/../lib/gcc/avr/4.3.3/avr5\libgcc.a(_divmodsi4.o)
 .data          0x00800229        0x0 d:/program files/winavr/bin/../lib/gcc/avr/4.3.3/avr5\libgcc.a(_exit.o)
 .data          0x00800229        0x0 d:/program files/winavr/bin/../lib/gcc/avr/4.3.3/avr5\libgcc.a(_copy_data.o)
 .data          0x00800229        0x0 d:/program files/winavr/bin/../lib/gcc/avr/4.3.3/avr5\libgcc.a(_clear_bss.o)
 .data          0x00800229        0x0 d:/program files/winavr/bin/../lib/gcc/avr/4.3.3/avr5\libgcc.a(_fixunssfsi.o)
 .data          0x00800229        0x0 d:/program files/winavr/bin/../lib/gcc/avr/4.3.3/avr5\libgcc.a(_addsub_sf.o)
 .data          0x00800229        0x0 d:/program files/winavr/bin/../lib/gcc/avr/4.3.3/avr5\libgcc.a(_mul_sf.o)
 .data          0x00800229        0x0 d:/program files/winavr/bin/../lib/gcc/avr/4.3.3/avr5\libgcc.a(_div_sf.o)
 .data          0x00800229        0x0 d:/program files/winavr/bin/../lib/gcc/avr/4.3.3/avr5\libgcc.a(_gt_sf.o)
 .data          0x00800229        0x0 d:/program files/winavr/bin/../lib/gcc/avr/4.3.3/avr5\libgcc.a(_ge_sf.o)
 .data          0x00800229        0x0 d:/program files/winavr/bin/../lib/gcc/avr/4.3.3/avr5\libgcc.a(_lt_sf.o)
 .data          0x00800229        0x0 d:/program files/winavr/bin/../lib/gcc/avr/4.3.3/avr5\libgcc.a(_si_to_sf.o)
 .data          0x00800229        0x0 d:/program files/winavr/bin/../lib/gcc/avr/4.3.3/avr5\libgcc.a(_sf_to_si.o)
 .data          0x00800229        0x8 d:/program files/winavr/bin/../lib/gcc/avr/4.3.3/avr5\libgcc.a(_thenan_sf.o)
                0x00800229                __thenan_sf
 .data          0x00800231        0x0 d:/program files/winavr/bin/../lib/gcc/avr/4.3.3/avr5\libgcc.a(_usi_to_sf.o)
 .data          0x00800231        0x0 d:/program files/winavr/bin/../lib/gcc/avr/4.3.3/avr5\libgcc.a(_prologue.o)
 .data          0x00800231        0x0 d:/program files/winavr/bin/../lib/gcc/avr/4.3.3/avr5\libgcc.a(_epilogue.o)
 .data          0x00800231        0x0 d:/program files/winavr/bin/../lib/gcc/avr/4.3.3/avr5\libgcc.a(_clzsi2.o)
 .data          0x00800231        0x0 d:/program files/winavr/bin/../lib/gcc/avr/4.3.3/avr5\libgcc.a(_pack_sf.o)
 .data          0x00800231        0x0 d:/program files/winavr/bin/../lib/gcc/avr/4.3.3/avr5\libgcc.a(_unpack_sf.o)
 .data          0x00800231        0x0 d:/program files/winavr/bin/../lib/gcc/avr/4.3.3/avr5\libgcc.a(_fpcmp_parts_sf.o)
 .data          0x00800231      0x100 d:/program files/winavr/bin/../lib/gcc/avr/4.3.3/avr5\libgcc.a(_clz.o)
                0x00800231                __clz_tab
 *(.data*)
 *(.rodata)
 *(.rodata*)
 .rodata.C.0.1300
                0x00800331        0xc ./HAL/keypad/keypad.o
 .rodata.C.2.1340
                0x0080033d        0xc ./HAL/keypad/keypad.o
 *(.gnu.linkonce.d*)
                0x0080034a                . = ALIGN (0x2)
 *fill*         0x00800349        0x1 00
                0x0080034a                _edata = .
                0x0080034a                PROVIDE (__data_end, .)

.bss            0x0080034a        0x5
                0x0080034a                PROVIDE (__bss_start, .)
 *(.bss)
 .bss           0x0080034a        0x0 d:/program files/winavr/bin/../lib/gcc/avr/4.3.3/../../../../avr/lib/avr5/crtm32.o
 .bss           0x0080034a        0x0 ./app/tv/tv.o
 .bss           0x0080034a        0x0 ./app/room/room.o
 .bss           0x0080034a        0x0 ./app/door/door.o
 .bss           0x0080034a        0x0 ./app/component/tvandac/tvpage.o
 .bss           0x0080034a        0x0 ./app/component/roompage/roompage.o
 .bss           0x0080034a        0x0 ./app/component/doorpage/doorpage.o
 .bss           0x0080034a        0x0 ./app/component/authpage/auth.o
 .bss           0x0080034a        0x0 ./app/auth/auth.o
 .bss           0x0080034a        0x0 ./app/main.o
 .bss           0x0080034a        0x0 ./MCAL/eeprom/eeprom.o
 .bss           0x0080034a        0x0 ./MCAL/dio/dio.o
 .bss           0x0080034a        0x0 ./MCAL/adc/adc.o
 .bss           0x0080034a        0x0 ./LIB/util/util.o
 .bss           0x0080034a        0x0 ./LIB/math/operations/operations.o
 .bss           0x0080034a        0x0 ./HAL/steppermotor/steppermotor.o
 .bss           0x0080034a        0x0 ./HAL/lcd/lcd.o
 .bss           0x0080034a        0x0 ./HAL/keypad/keypad.o
 .bss           0x0080034a        0x0 d:/program files/winavr/bin/../lib/gcc/avr/4.3.3/avr5\libgcc.a(_mulsi3.o)
 .bss           0x0080034a        0x0 d:/program files/winavr/bin/../lib/gcc/avr/4.3.3/avr5\libgcc.a(_udivmodqi4.o)
 .bss           0x0080034a        0x0 d:/program files/winavr/bin/../lib/gcc/avr/4.3.3/avr5\libgcc.a(_udivmodsi4.o)
 .bss           0x0080034a        0x0 d:/program files/winavr/bin/../lib/gcc/avr/4.3.3/avr5\libgcc.a(_divmodsi4.o)
 .bss           0x0080034a        0x0 d:/program files/winavr/bin/../lib/gcc/avr/4.3.3/avr5\libgcc.a(_exit.o)
 .bss           0x0080034a        0x0 d:/program files/winavr/bin/../lib/gcc/avr/4.3.3/avr5\libgcc.a(_copy_data.o)
 .bss           0x0080034a        0x0 d:/program files/winavr/bin/../lib/gcc/avr/4.3.3/avr5\libgcc.a(_clear_bss.o)
 .bss           0x0080034a        0x0 d:/program files/winavr/bin/../lib/gcc/avr/4.3.3/avr5\libgcc.a(_fixunssfsi.o)
 .bss           0x0080034a        0x0 d:/program files/winavr/bin/../lib/gcc/avr/4.3.3/avr5\libgcc.a(_addsub_sf.o)
 .bss           0x0080034a        0x0 d:/program files/winavr/bin/../lib/gcc/avr/4.3.3/avr5\libgcc.a(_mul_sf.o)
 .bss           0x0080034a        0x0 d:/program files/winavr/bin/../lib/gcc/avr/4.3.3/avr5\libgcc.a(_div_sf.o)
 .bss           0x0080034a        0x0 d:/program files/winavr/bin/../lib/gcc/avr/4.3.3/avr5\libgcc.a(_gt_sf.o)
 .bss           0x0080034a        0x0 d:/program files/winavr/bin/../lib/gcc/avr/4.3.3/avr5\libgcc.a(_ge_sf.o)
 .bss           0x0080034a        0x0 d:/program files/winavr/bin/../lib/gcc/avr/4.3.3/avr5\libgcc.a(_lt_sf.o)
 .bss           0x0080034a        0x0 d:/program files/winavr/bin/../lib/gcc/avr/4.3.3/avr5\libgcc.a(_si_to_sf.o)
 .bss           0x0080034a        0x0 d:/program files/winavr/bin/../lib/gcc/avr/4.3.3/avr5\libgcc.a(_sf_to_si.o)
 .bss           0x0080034a        0x0 d:/program files/winavr/bin/../lib/gcc/avr/4.3.3/avr5\libgcc.a(_thenan_sf.o)
 .bss           0x0080034a        0x0 d:/program files/winavr/bin/../lib/gcc/avr/4.3.3/avr5\libgcc.a(_usi_to_sf.o)
 .bss           0x0080034a        0x0 d:/program files/winavr/bin/../lib/gcc/avr/4.3.3/avr5\libgcc.a(_prologue.o)
 .bss           0x0080034a        0x0 d:/program files/winavr/bin/../lib/gcc/avr/4.3.3/avr5\libgcc.a(_epilogue.o)
 .bss           0x0080034a        0x0 d:/program files/winavr/bin/../lib/gcc/avr/4.3.3/avr5\libgcc.a(_clzsi2.o)
 .bss           0x0080034a        0x0 d:/program files/winavr/bin/../lib/gcc/avr/4.3.3/avr5\libgcc.a(_pack_sf.o)
 .bss           0x0080034a        0x0 d:/program files/winavr/bin/../lib/gcc/avr/4.3.3/avr5\libgcc.a(_unpack_sf.o)
 .bss           0x0080034a        0x0 d:/program files/winavr/bin/../lib/gcc/avr/4.3.3/avr5\libgcc.a(_fpcmp_parts_sf.o)
 .bss           0x0080034a        0x0 d:/program files/winavr/bin/../lib/gcc/avr/4.3.3/avr5\libgcc.a(_clz.o)
 *(.bss*)
 *(COMMON)
 COMMON         0x0080034a        0x1 ./app/tv/tv.o
                0x0080034a                mode
 COMMON         0x0080034b        0x4 ./app/room/room.o
                0x0080034b                room2
                0x0080034c                room4
                0x0080034d                room1
                0x0080034e                room3
                0x0080034f                PROVIDE (__bss_end, .)
                0x00004a46                __data_load_start = LOADADDR (.data)
                0x00004d30                __data_load_end = (__data_load_start + SIZEOF (.data))

.noinit         0x0080034f        0x0
                0x0080034f                PROVIDE (__noinit_start, .)
 *(.noinit*)
                0x0080034f                PROVIDE (__noinit_end, .)
                0x0080034f                _end = .
                0x0080034f                PROVIDE (__heap_start, .)

.eeprom         0x00810000        0x0
 *(.eeprom*)
                0x00810000                __eeprom_end = .

.fuse
 *(.fuse)
 *(.lfuse)
 *(.hfuse)
 *(.efuse)

.lock
 *(.lock*)

.signature
 *(.signature*)

.stab           0x00000000     0x5994
 *(.stab)
 .stab          0x00000000      0x3cc ./app/tv/tv.o
 .stab          0x000003cc      0x4c8 ./app/room/room.o
                                0x4d4 (size before relaxing)
 .stab          0x00000894      0x1f8 ./app/door/door.o
                                0x204 (size before relaxing)
 .stab          0x00000a8c      0x4e0 ./app/component/tvandac/tvpage.o
                                0x4ec (size before relaxing)
 .stab          0x00000f6c      0x534 ./app/component/roompage/roompage.o
                                0x540 (size before relaxing)
 .stab          0x000014a0      0x2dc ./app/component/doorpage/doorpage.o
                                0x2e8 (size before relaxing)
 .stab          0x0000177c      0x57c ./app/component/authpage/auth.o
                                0x588 (size before relaxing)
 .stab          0x00001cf8      0xccc ./app/auth/auth.o
                                0xe64 (size before relaxing)
 .stab          0x000029c4      0x6f0 ./app/main.o
                                0x888 (size before relaxing)
 .stab          0x000030b4      0x474 ./MCAL/eeprom/eeprom.o
                                0x60c (size before relaxing)
 .stab          0x00003528      0x4ec ./MCAL/dio/dio.o
                                0x4f8 (size before relaxing)
 .stab          0x00003a14      0x438 ./MCAL/adc/adc.o
                                0x444 (size before relaxing)
 .stab          0x00003e4c      0x21c ./LIB/util/util.o
                                0x228 (size before relaxing)
 .stab          0x00004068      0x2a0 ./LIB/math/operations/operations.o
                                0x2ac (size before relaxing)
 .stab          0x00004308      0x2ac ./HAL/steppermotor/steppermotor.o
                                0x444 (size before relaxing)
 .stab          0x000045b4      0xd8c ./HAL/lcd/lcd.o
                                0xf30 (size before relaxing)
 .stab          0x00005340      0x654 ./HAL/keypad/keypad.o
                                0x7f8 (size before relaxing)

.stabstr        0x00000000     0x1cd8
 *(.stabstr)
 .stabstr       0x00000000     0x1cd8 ./app/tv/tv.o

.stab.excl
 *(.stab.excl)

.stab.exclstr
 *(.stab.exclstr)

.stab.index
 *(.stab.index)

.stab.indexstr
 *(.stab.indexstr)

.comment
 *(.comment)

.debug
 *(.debug)

.line
 *(.line)

.debug_srcinfo
 *(.debug_srcinfo)

.debug_sfnames
 *(.debug_sfnames)

.debug_aranges  0x00000000      0x1c0
 *(.debug_aranges)
 .debug_aranges
                0x00000000       0x20 d:/program files/winavr/bin/../lib/gcc/avr/4.3.3/avr5\libgcc.a(_fixunssfsi.o)
 .debug_aranges
                0x00000020       0x20 d:/program files/winavr/bin/../lib/gcc/avr/4.3.3/avr5\libgcc.a(_addsub_sf.o)
 .debug_aranges
                0x00000040       0x20 d:/program files/winavr/bin/../lib/gcc/avr/4.3.3/avr5\libgcc.a(_mul_sf.o)
 .debug_aranges
                0x00000060       0x20 d:/program files/winavr/bin/../lib/gcc/avr/4.3.3/avr5\libgcc.a(_div_sf.o)
 .debug_aranges
                0x00000080       0x20 d:/program files/winavr/bin/../lib/gcc/avr/4.3.3/avr5\libgcc.a(_gt_sf.o)
 .debug_aranges
                0x000000a0       0x20 d:/program files/winavr/bin/../lib/gcc/avr/4.3.3/avr5\libgcc.a(_ge_sf.o)
 .debug_aranges
                0x000000c0       0x20 d:/program files/winavr/bin/../lib/gcc/avr/4.3.3/avr5\libgcc.a(_lt_sf.o)
 .debug_aranges
                0x000000e0       0x20 d:/program files/winavr/bin/../lib/gcc/avr/4.3.3/avr5\libgcc.a(_si_to_sf.o)
 .debug_aranges
                0x00000100       0x20 d:/program files/winavr/bin/../lib/gcc/avr/4.3.3/avr5\libgcc.a(_sf_to_si.o)
 .debug_aranges
                0x00000120       0x20 d:/program files/winavr/bin/../lib/gcc/avr/4.3.3/avr5\libgcc.a(_usi_to_sf.o)
 .debug_aranges
                0x00000140       0x20 d:/program files/winavr/bin/../lib/gcc/avr/4.3.3/avr5\libgcc.a(_clzsi2.o)
 .debug_aranges
                0x00000160       0x20 d:/program files/winavr/bin/../lib/gcc/avr/4.3.3/avr5\libgcc.a(_pack_sf.o)
 .debug_aranges
                0x00000180       0x20 d:/program files/winavr/bin/../lib/gcc/avr/4.3.3/avr5\libgcc.a(_unpack_sf.o)
 .debug_aranges
                0x000001a0       0x20 d:/program files/winavr/bin/../lib/gcc/avr/4.3.3/avr5\libgcc.a(_fpcmp_parts_sf.o)

.debug_pubnames
                0x00000000      0x214
 *(.debug_pubnames)
 .debug_pubnames
                0x00000000       0x23 d:/program files/winavr/bin/../lib/gcc/avr/4.3.3/avr5\libgcc.a(_fixunssfsi.o)
 .debug_pubnames
                0x00000023       0x2c d:/program files/winavr/bin/../lib/gcc/avr/4.3.3/avr5\libgcc.a(_addsub_sf.o)
 .debug_pubnames
                0x0000004f       0x1f d:/program files/winavr/bin/../lib/gcc/avr/4.3.3/avr5\libgcc.a(_mul_sf.o)
 .debug_pubnames
                0x0000006e       0x1f d:/program files/winavr/bin/../lib/gcc/avr/4.3.3/avr5\libgcc.a(_div_sf.o)
 .debug_pubnames
                0x0000008d       0x1e d:/program files/winavr/bin/../lib/gcc/avr/4.3.3/avr5\libgcc.a(_gt_sf.o)
 .debug_pubnames
                0x000000ab       0x1e d:/program files/winavr/bin/../lib/gcc/avr/4.3.3/avr5\libgcc.a(_ge_sf.o)
 .debug_pubnames
                0x000000c9       0x1e d:/program files/winavr/bin/../lib/gcc/avr/4.3.3/avr5\libgcc.a(_lt_sf.o)
 .debug_pubnames
                0x000000e7       0x22 d:/program files/winavr/bin/../lib/gcc/avr/4.3.3/avr5\libgcc.a(_si_to_sf.o)
 .debug_pubnames
                0x00000109       0x20 d:/program files/winavr/bin/../lib/gcc/avr/4.3.3/avr5\libgcc.a(_sf_to_si.o)
 .debug_pubnames
                0x00000129       0x22 d:/program files/winavr/bin/../lib/gcc/avr/4.3.3/avr5\libgcc.a(_thenan_sf.o)
 .debug_pubnames
                0x0000014b       0x24 d:/program files/winavr/bin/../lib/gcc/avr/4.3.3/avr5\libgcc.a(_usi_to_sf.o)
 .debug_pubnames
                0x0000016f       0x1f d:/program files/winavr/bin/../lib/gcc/avr/4.3.3/avr5\libgcc.a(_clzsi2.o)
 .debug_pubnames
                0x0000018e       0x1f d:/program files/winavr/bin/../lib/gcc/avr/4.3.3/avr5\libgcc.a(_pack_sf.o)
 .debug_pubnames
                0x000001ad       0x21 d:/program files/winavr/bin/../lib/gcc/avr/4.3.3/avr5\libgcc.a(_unpack_sf.o)
 .debug_pubnames
                0x000001ce       0x26 d:/program files/winavr/bin/../lib/gcc/avr/4.3.3/avr5\libgcc.a(_fpcmp_parts_sf.o)
 .debug_pubnames
                0x000001f4       0x20 d:/program files/winavr/bin/../lib/gcc/avr/4.3.3/avr5\libgcc.a(_clz.o)

.debug_info     0x00000000     0x2612
 *(.debug_info)
 .debug_info    0x00000000       0xb1 d:/program files/winavr/bin/../lib/gcc/avr/4.3.3/avr5\libgcc.a(_fixunssfsi.o)
 .debug_info    0x000000b1      0x47a d:/program files/winavr/bin/../lib/gcc/avr/4.3.3/avr5\libgcc.a(_addsub_sf.o)
 .debug_info    0x0000052b      0x485 d:/program files/winavr/bin/../lib/gcc/avr/4.3.3/avr5\libgcc.a(_mul_sf.o)
 .debug_info    0x000009b0      0x3fc d:/program files/winavr/bin/../lib/gcc/avr/4.3.3/avr5\libgcc.a(_div_sf.o)
 .debug_info    0x00000dac      0x27f d:/program files/winavr/bin/../lib/gcc/avr/4.3.3/avr5\libgcc.a(_gt_sf.o)
 .debug_info    0x0000102b      0x27f d:/program files/winavr/bin/../lib/gcc/avr/4.3.3/avr5\libgcc.a(_ge_sf.o)
 .debug_info    0x000012aa      0x27f d:/program files/winavr/bin/../lib/gcc/avr/4.3.3/avr5\libgcc.a(_lt_sf.o)
 .debug_info    0x00001529      0x207 d:/program files/winavr/bin/../lib/gcc/avr/4.3.3/avr5\libgcc.a(_si_to_sf.o)
 .debug_info    0x00001730      0x2b0 d:/program files/winavr/bin/../lib/gcc/avr/4.3.3/avr5\libgcc.a(_sf_to_si.o)
 .debug_info    0x000019e0      0x12c d:/program files/winavr/bin/../lib/gcc/avr/4.3.3/avr5\libgcc.a(_thenan_sf.o)
 .debug_info    0x00001b0c      0x206 d:/program files/winavr/bin/../lib/gcc/avr/4.3.3/avr5\libgcc.a(_usi_to_sf.o)
 .debug_info    0x00001d12      0x117 d:/program files/winavr/bin/../lib/gcc/avr/4.3.3/avr5\libgcc.a(_clzsi2.o)
 .debug_info    0x00001e29      0x2df d:/program files/winavr/bin/../lib/gcc/avr/4.3.3/avr5\libgcc.a(_pack_sf.o)
 .debug_info    0x00002108      0x251 d:/program files/winavr/bin/../lib/gcc/avr/4.3.3/avr5\libgcc.a(_unpack_sf.o)
 .debug_info    0x00002359      0x210 d:/program files/winavr/bin/../lib/gcc/avr/4.3.3/avr5\libgcc.a(_fpcmp_parts_sf.o)
 .debug_info    0x00002569       0xa9 d:/program files/winavr/bin/../lib/gcc/avr/4.3.3/avr5\libgcc.a(_clz.o)
 *(.gnu.linkonce.wi.*)

.debug_abbrev   0x00000000     0x14ce
 *(.debug_abbrev)
 .debug_abbrev  0x00000000       0x5d d:/program files/winavr/bin/../lib/gcc/avr/4.3.3/avr5\libgcc.a(_fixunssfsi.o)
 .debug_abbrev  0x0000005d      0x1ea d:/program files/winavr/bin/../lib/gcc/avr/4.3.3/avr5\libgcc.a(_addsub_sf.o)
 .debug_abbrev  0x00000247      0x21b d:/program files/winavr/bin/../lib/gcc/avr/4.3.3/avr5\libgcc.a(_mul_sf.o)
 .debug_abbrev  0x00000462      0x216 d:/program files/winavr/bin/../lib/gcc/avr/4.3.3/avr5\libgcc.a(_div_sf.o)
 .debug_abbrev  0x00000678      0x15a d:/program files/winavr/bin/../lib/gcc/avr/4.3.3/avr5\libgcc.a(_gt_sf.o)
 .debug_abbrev  0x000007d2      0x15a d:/program files/winavr/bin/../lib/gcc/avr/4.3.3/avr5\libgcc.a(_ge_sf.o)
 .debug_abbrev  0x0000092c      0x15a d:/program files/winavr/bin/../lib/gcc/avr/4.3.3/avr5\libgcc.a(_lt_sf.o)
 .debug_abbrev  0x00000a86      0x148 d:/program files/winavr/bin/../lib/gcc/avr/4.3.3/avr5\libgcc.a(_si_to_sf.o)
 .debug_abbrev  0x00000bce      0x17f d:/program files/winavr/bin/../lib/gcc/avr/4.3.3/avr5\libgcc.a(_sf_to_si.o)
 .debug_abbrev  0x00000d4d       0xad d:/program files/winavr/bin/../lib/gcc/avr/4.3.3/avr5\libgcc.a(_thenan_sf.o)
 .debug_abbrev  0x00000dfa      0x157 d:/program files/winavr/bin/../lib/gcc/avr/4.3.3/avr5\libgcc.a(_usi_to_sf.o)
 .debug_abbrev  0x00000f51       0xc4 d:/program files/winavr/bin/../lib/gcc/avr/4.3.3/avr5\libgcc.a(_clzsi2.o)
 .debug_abbrev  0x00001015      0x1c0 d:/program files/winavr/bin/../lib/gcc/avr/4.3.3/avr5\libgcc.a(_pack_sf.o)
 .debug_abbrev  0x000011d5      0x154 d:/program files/winavr/bin/../lib/gcc/avr/4.3.3/avr5\libgcc.a(_unpack_sf.o)
 .debug_abbrev  0x00001329      0x13b d:/program files/winavr/bin/../lib/gcc/avr/4.3.3/avr5\libgcc.a(_fpcmp_parts_sf.o)
 .debug_abbrev  0x00001464       0x6a d:/program files/winavr/bin/../lib/gcc/avr/4.3.3/avr5\libgcc.a(_clz.o)

.debug_line     0x00000000     0x130b
 *(.debug_line)
 .debug_line    0x00000000       0xa7 d:/program files/winavr/bin/../lib/gcc/avr/4.3.3/avr5\libgcc.a(_fixunssfsi.o)
 .debug_line    0x000000a7      0x2af d:/program files/winavr/bin/../lib/gcc/avr/4.3.3/avr5\libgcc.a(_addsub_sf.o)
 .debug_line    0x00000356      0x239 d:/program files/winavr/bin/../lib/gcc/avr/4.3.3/avr5\libgcc.a(_mul_sf.o)
 .debug_line    0x0000058f      0x1d5 d:/program files/winavr/bin/../lib/gcc/avr/4.3.3/avr5\libgcc.a(_div_sf.o)
 .debug_line    0x00000764       0xd3 d:/program files/winavr/bin/../lib/gcc/avr/4.3.3/avr5\libgcc.a(_gt_sf.o)
 .debug_line    0x00000837       0xd3 d:/program files/winavr/bin/../lib/gcc/avr/4.3.3/avr5\libgcc.a(_ge_sf.o)
 .debug_line    0x0000090a       0xd3 d:/program files/winavr/bin/../lib/gcc/avr/4.3.3/avr5\libgcc.a(_lt_sf.o)
 .debug_line    0x000009dd      0x135 d:/program files/winavr/bin/../lib/gcc/avr/4.3.3/avr5\libgcc.a(_si_to_sf.o)
 .debug_line    0x00000b12      0x109 d:/program files/winavr/bin/../lib/gcc/avr/4.3.3/avr5\libgcc.a(_sf_to_si.o)
 .debug_line    0x00000c1b       0x90 d:/program files/winavr/bin/../lib/gcc/avr/4.3.3/avr5\libgcc.a(_thenan_sf.o)
 .debug_line    0x00000cab      0x133 d:/program files/winavr/bin/../lib/gcc/avr/4.3.3/avr5\libgcc.a(_usi_to_sf.o)
 .debug_line    0x00000dde       0xa5 d:/program files/winavr/bin/../lib/gcc/avr/4.3.3/avr5\libgcc.a(_clzsi2.o)
 .debug_line    0x00000e83      0x18a d:/program files/winavr/bin/../lib/gcc/avr/4.3.3/avr5\libgcc.a(_pack_sf.o)
 .debug_line    0x0000100d      0x14b d:/program files/winavr/bin/../lib/gcc/avr/4.3.3/avr5\libgcc.a(_unpack_sf.o)
 .debug_line    0x00001158      0x137 d:/program files/winavr/bin/../lib/gcc/avr/4.3.3/avr5\libgcc.a(_fpcmp_parts_sf.o)
 .debug_line    0x0000128f       0x7c d:/program files/winavr/bin/../lib/gcc/avr/4.3.3/avr5\libgcc.a(_clz.o)

.debug_frame    0x00000000      0x1e0
 *(.debug_frame)
 .debug_frame   0x00000000       0x20 d:/program files/winavr/bin/../lib/gcc/avr/4.3.3/avr5\libgcc.a(_fixunssfsi.o)
 .debug_frame   0x00000020       0x40 d:/program files/winavr/bin/../lib/gcc/avr/4.3.3/avr5\libgcc.a(_addsub_sf.o)
 .debug_frame   0x00000060       0x20 d:/program files/winavr/bin/../lib/gcc/avr/4.3.3/avr5\libgcc.a(_mul_sf.o)
 .debug_frame   0x00000080       0x20 d:/program files/winavr/bin/../lib/gcc/avr/4.3.3/avr5\libgcc.a(_div_sf.o)
 .debug_frame   0x000000a0       0x20 d:/program files/winavr/bin/../lib/gcc/avr/4.3.3/avr5\libgcc.a(_gt_sf.o)
 .debug_frame   0x000000c0       0x20 d:/program files/winavr/bin/../lib/gcc/avr/4.3.3/avr5\libgcc.a(_ge_sf.o)
 .debug_frame   0x000000e0       0x20 d:/program files/winavr/bin/../lib/gcc/avr/4.3.3/avr5\libgcc.a(_lt_sf.o)
 .debug_frame   0x00000100       0x20 d:/program files/winavr/bin/../lib/gcc/avr/4.3.3/avr5\libgcc.a(_si_to_sf.o)
 .debug_frame   0x00000120       0x20 d:/program files/winavr/bin/../lib/gcc/avr/4.3.3/avr5\libgcc.a(_sf_to_si.o)
 .debug_frame   0x00000140       0x20 d:/program files/winavr/bin/../lib/gcc/avr/4.3.3/avr5\libgcc.a(_usi_to_sf.o)
 .debug_frame   0x00000160       0x20 d:/program files/winavr/bin/../lib/gcc/avr/4.3.3/avr5\libgcc.a(_clzsi2.o)
 .debug_frame   0x00000180       0x20 d:/program files/winavr/bin/../lib/gcc/avr/4.3.3/avr5\libgcc.a(_pack_sf.o)
 .debug_frame   0x000001a0       0x20 d:/program files/winavr/bin/../lib/gcc/avr/4.3.3/avr5\libgcc.a(_unpack_sf.o)
 .debug_frame   0x000001c0       0x20 d:/program files/winavr/bin/../lib/gcc/avr/4.3.3/avr5\libgcc.a(_fpcmp_parts_sf.o)

.debug_str      0x00000000      0x307
 *(.debug_str)
 .debug_str     0x00000000       0xbf d:/program files/winavr/bin/../lib/gcc/avr/4.3.3/avr5\libgcc.a(_fixunssfsi.o)
                                 0xfe (size before relaxing)
 .debug_str     0x000000bf      0x14d d:/program files/winavr/bin/../lib/gcc/avr/4.3.3/avr5\libgcc.a(_addsub_sf.o)
                                0x206 (size before relaxing)
 .debug_str     0x0000020c       0x27 d:/program files/winavr/bin/../lib/gcc/avr/4.3.3/avr5\libgcc.a(_mul_sf.o)
                                0x1bf (size before relaxing)
 .debug_str     0x00000233       0x35 d:/program files/winavr/bin/../lib/gcc/avr/4.3.3/avr5\libgcc.a(_div_sf.o)
                                0x1c8 (size before relaxing)
 .debug_str     0x00000268        0x8 d:/program files/winavr/bin/../lib/gcc/avr/4.3.3/avr5\libgcc.a(_gt_sf.o)
                                0x195 (size before relaxing)
 .debug_str     0x00000270        0x8 d:/program files/winavr/bin/../lib/gcc/avr/4.3.3/avr5\libgcc.a(_ge_sf.o)
                                0x195 (size before relaxing)
 .debug_str     0x00000278        0x8 d:/program files/winavr/bin/../lib/gcc/avr/4.3.3/avr5\libgcc.a(_lt_sf.o)
                                0x195 (size before relaxing)
 .debug_str     0x00000280       0x1e d:/program files/winavr/bin/../lib/gcc/avr/4.3.3/avr5\libgcc.a(_si_to_sf.o)
                                0x17b (size before relaxing)
 .debug_str     0x0000029e        0xa d:/program files/winavr/bin/../lib/gcc/avr/4.3.3/avr5\libgcc.a(_sf_to_si.o)
                                0x19e (size before relaxing)
 .debug_str     0x00000000      0x103 d:/program files/winavr/bin/../lib/gcc/avr/4.3.3/avr5\libgcc.a(_thenan_sf.o)
 .debug_str     0x000002a8       0x14 d:/program files/winavr/bin/../lib/gcc/avr/4.3.3/avr5\libgcc.a(_usi_to_sf.o)
                                0x177 (size before relaxing)
 .debug_str     0x000002bc       0x20 d:/program files/winavr/bin/../lib/gcc/avr/4.3.3/avr5\libgcc.a(_clzsi2.o)
                                0x111 (size before relaxing)
 .debug_str     0x000002dc       0x10 d:/program files/winavr/bin/../lib/gcc/avr/4.3.3/avr5\libgcc.a(_pack_sf.o)
                                0x19d (size before relaxing)
 .debug_str     0x000002ec        0xb d:/program files/winavr/bin/../lib/gcc/avr/4.3.3/avr5\libgcc.a(_unpack_sf.o)
                                0x17f (size before relaxing)
 .debug_str     0x000002f7       0x10 d:/program files/winavr/bin/../lib/gcc/avr/4.3.3/avr5\libgcc.a(_fpcmp_parts_sf.o)
                                0x163 (size before relaxing)
 .debug_str     0x00000000       0xf4 d:/program files/winavr/bin/../lib/gcc/avr/4.3.3/avr5\libgcc.a(_clz.o)

.debug_loc      0x00000000      0xa1a
 *(.debug_loc)
 .debug_loc     0x00000000       0x34 d:/program files/winavr/bin/../lib/gcc/avr/4.3.3/avr5\libgcc.a(_fixunssfsi.o)
 .debug_loc     0x00000034      0x32a d:/program files/winavr/bin/../lib/gcc/avr/4.3.3/avr5\libgcc.a(_addsub_sf.o)
 .debug_loc     0x0000035e      0x104 d:/program files/winavr/bin/../lib/gcc/avr/4.3.3/avr5\libgcc.a(_mul_sf.o)
 .debug_loc     0x00000462       0xc0 d:/program files/winavr/bin/../lib/gcc/avr/4.3.3/avr5\libgcc.a(_div_sf.o)
 .debug_loc     0x00000522       0x3c d:/program files/winavr/bin/../lib/gcc/avr/4.3.3/avr5\libgcc.a(_gt_sf.o)
 .debug_loc     0x0000055e       0x3c d:/program files/winavr/bin/../lib/gcc/avr/4.3.3/avr5\libgcc.a(_ge_sf.o)
 .debug_loc     0x0000059a       0x3c d:/program files/winavr/bin/../lib/gcc/avr/4.3.3/avr5\libgcc.a(_lt_sf.o)
 .debug_loc     0x000005d6       0xac d:/program files/winavr/bin/../lib/gcc/avr/4.3.3/avr5\libgcc.a(_si_to_sf.o)
 .debug_loc     0x00000682       0x7e d:/program files/winavr/bin/../lib/gcc/avr/4.3.3/avr5\libgcc.a(_sf_to_si.o)
 .debug_loc     0x00000700       0x4c d:/program files/winavr/bin/../lib/gcc/avr/4.3.3/avr5\libgcc.a(_usi_to_sf.o)
 .debug_loc     0x0000074c       0x94 d:/program files/winavr/bin/../lib/gcc/avr/4.3.3/avr5\libgcc.a(_clzsi2.o)
 .debug_loc     0x000007e0      0x13e d:/program files/winavr/bin/../lib/gcc/avr/4.3.3/avr5\libgcc.a(_pack_sf.o)
 .debug_loc     0x0000091e       0xac d:/program files/winavr/bin/../lib/gcc/avr/4.3.3/avr5\libgcc.a(_unpack_sf.o)
 .debug_loc     0x000009ca       0x50 d:/program files/winavr/bin/../lib/gcc/avr/4.3.3/avr5\libgcc.a(_fpcmp_parts_sf.o)

.debug_macinfo
 *(.debug_macinfo)
OUTPUT(smar_home.elf elf32-avr)
LOAD linker stubs

.debug_ranges   0x00000000       0x50
 .debug_ranges  0x00000000       0x50 d:/program files/winavr/bin/../lib/gcc/avr/4.3.3/avr5\libgcc.a(_mul_sf.o)
